@startuml

!theme lsd-light from https://cdn.jsdelivr.net/gh/lsd-consulting/lsd-core@6/src/main/resources/static/
skinparam svgLinkTarget _self

hide unlinked

!include <tupadr3/font-awesome-5/clock>
!include <tupadr3/font-awesome-5/database>


participant A
participant B


?-> A: [[#0 {this timestamp is earliest so should be first on the diagram} this timestamp is earliest so should be first o...]]
A -> B: [[#1 {Sending a request} Sending a request]]
B --> A: [[#2 {Sending a response with a long label that should be abbreviated if all goes well} Sending a response with a long label that shoul...]]


@enduml
@startuml

!theme lsd-light from https://cdn.jsdelivr.net/gh/lsd-consulting/lsd-core@6/src/main/resources/static/
skinparam svgLinkTarget _self

hide unlinked

!include <tupadr3/font-awesome-5/clock>
!include <tupadr3/font-awesome-5/database>


participant B
participant A



title on the phone

B <-> A: [[#3 {On the phone} On the phone]]


@enduml
